// Jest Snapshot v1, https://goo.gl/fbAQLP

exports[`<Nav /> Renders a minimal Nav when signed out 1`] = `
<ul
  className="NavStyles-sc-11c0d2g-0 bFEdGg"
  data-test="nav"
>
  <Link
    href="/items"
  >
    <a
      href="/items"
      onClick={[Function]}
    >
      Shop
    </a>
  </Link>
  <Link
    href="/signup"
  >
    <a
      href="/signup"
      onClick={[Function]}
    >
      Sign In
    </a>
  </Link>
</ul>
`;

exports[`<Nav /> Renders the amount of items in the cart 1`] = `
<div
  className="count CartCount__Dot-xxvp4g-1 eLqJVn"
>
  9
</div>
`;
