// Jest Snapshot v1, https://goo.gl/fbAQLP

exports[`<TakeMyMoney /> Renders and matches snapshot 1`] = `
<ReactStripeCheckout
  ComponentClass="span"
  amount={15000}
  className="StripeCheckout"
  currency="USD"
  description="Order of 3 items!"
  email="Delmer.Smith@yahoo.com"
  image="dog-small.jpg"
  label="Pay With Card"
  locale="auto"
  name="Buy My Mousse"
  reconfigureOnUpdate={false}
  stripeKey="pk_test_LOwc3raMYylx4UpwzVqi6K0900awfKWiE1"
  token={[Function]}
  triggerEvent="onClick"
>
  <span
    onClick={[Function]}
  >
    <p />
  </span>
</ReactStripeCheckout>
`;
